c:\users\hudaynazar\source\repos\exam project\exam project\x64\debug\vc143.pdb
c:\users\hudaynazar\source\repos\exam project\exam project\x64\debug\vc143.idb
c:\users\hudaynazar\source\repos\exam project\exam project\x64\debug\server.obj
c:\users\hudaynazar\source\repos\exam project\exam project\x64\debug\client.obj
c:\users\hudaynazar\source\repos\exam project\exam project\x64\debug\exam project.ilk
c:\users\hudaynazar\source\repos\exam project\exam project\x64\debug\server.nativecodeanalysis.xml
c:\users\hudaynazar\source\repos\exam project\exam project\x64\debug\vc.nativecodeanalysis.all.xml
c:\users\hudaynazar\source\repos\exam project\x64\debug\exam project.pdb
c:\users\hudaynazar\source\repos\exam project\exam project\x64\debug\exam project.tlog\cl.command.1.tlog
c:\users\hudaynazar\source\repos\exam project\exam project\x64\debug\exam project.tlog\cl.items.tlog
c:\users\hudaynazar\source\repos\exam project\exam project\x64\debug\exam project.tlog\cl.read.1.tlog
c:\users\hudaynazar\source\repos\exam project\exam project\x64\debug\exam project.tlog\cl.write.1.tlog
c:\users\hudaynazar\source\repos\exam project\exam project\x64\debug\exam project.tlog\link.20476-cvtres.read.1.tlog
c:\users\hudaynazar\source\repos\exam project\exam project\x64\debug\exam project.tlog\link.20476-cvtres.write.1.tlog
c:\users\hudaynazar\source\repos\exam project\exam project\x64\debug\exam project.tlog\link.20476-rc.read.1.tlog
c:\users\hudaynazar\source\repos\exam project\exam project\x64\debug\exam project.tlog\link.20476-rc.write.1.tlog
c:\users\hudaynazar\source\repos\exam project\exam project\x64\debug\exam project.tlog\link.20476.read.1.tlog
c:\users\hudaynazar\source\repos\exam project\exam project\x64\debug\exam project.tlog\link.20476.read.2.tlog
c:\users\hudaynazar\source\repos\exam project\exam project\x64\debug\exam project.tlog\link.20476.read.3.tlog
c:\users\hudaynazar\source\repos\exam project\exam project\x64\debug\exam project.tlog\link.20476.read.4.tlog
c:\users\hudaynazar\source\repos\exam project\exam project\x64\debug\exam project.tlog\link.20476.write.1.tlog
c:\users\hudaynazar\source\repos\exam project\exam project\x64\debug\exam project.tlog\link.command.1.tlog
c:\users\hudaynazar\source\repos\exam project\exam project\x64\debug\exam project.tlog\link.read.1.tlog
c:\users\hudaynazar\source\repos\exam project\exam project\x64\debug\exam project.tlog\link.secondary.1.tlog
c:\users\hudaynazar\source\repos\exam project\exam project\x64\debug\exam project.tlog\link.write.1.tlog
